
> ai-marketing-automation@1.0.0 build
> next build

  Γû▓ Next.js 14.2.25
  - Environments: .env.local, .env.production

   Creating an optimized production build ...
 Γ£ô Compiled successfully
   Linting and checking validity of types ...
   Collecting page data ...
Γä╣∩╕Å  Using Direct Supabase Connection (Development Mode)
Γä╣∩╕Å  Using Direct Supabase Connection (Development Mode)
Γä╣∩╕Å  Using Direct Supabase Connection (Development Mode)
Γä╣∩╕Å  Using Direct Supabase Connection (Development Mode)
Γä╣∩╕Å  Using Direct Supabase Connection (Development Mode)
Γä╣∩╕Å  Using Direct Supabase Connection (Development Mode)
Γä╣∩╕Å  Using Direct Supabase Connection (Development Mode)
Γä╣∩╕Å  Using Direct Supabase Connection (Development Mode)
Γä╣∩╕Å  Using Direct Supabase Connection (Development Mode)
Γä╣∩╕Å  Using Direct Supabase Connection (Development Mode)
Γä╣∩╕Å  Using Direct Supabase Connection (Development Mode)
Γä╣∩╕Å  Using Direct Supabase Connection (Development Mode)
Γä╣∩╕Å  Using Direct Supabase Connection (Development Mode)
   Generating static pages (0/62) ...
Γä╣∩╕Å  Using Direct Supabase Connection (Development Mode)
   Generating static pages (15/62) 
   Generating static pages (30/62) 
   Generating static pages (46/62) 
node.exe : (node:7240) Warning: `--localstorage-file` was provided without a valid 
path
At line:1 char:1
+ & "C:\Program Files\nodejs/node.exe" "C:\Program Files\nodejs/node_mo ...
+ ~~~~~~~~~~~~~~~~~~~~~~~~~~~~~~~~~~~~~~~~~~~~~~~~~~~~~~~~~~~~~~~~~~~~~
    + CategoryInfo          : NotSpecified: ((node:7240) War...ut a valid path:Strin 
   g) [], RemoteException
    + FullyQualifiedErrorId : NativeCommandError
 
(Use `node --trace-warnings ...` to show where the warning was created)
 Γ£ô Generating static pages (62/62)
   Finalizing page optimization ...
   Collecting build traces ...

Route (app)                                         Size     First Load JS
Γöî ╞Æ /                                               2.61 kB         130 kB
Γö£ ╞Æ /_not-found                                     145 B          87.6 kB
Γö£ ╞Æ /admin                                          145 B          87.6 kB
Γö£ ╞Æ /admin/billing                                  2.3 kB          154 kB
Γö£ ╞Æ /admin/businesses                               4.58 kB         170 kB
Γö£ ╞Æ /admin/content-review                           4.06 kB         165 kB
Γö£ ╞Æ /admin/database                                 5.41 kB         157 kB
Γö£ ╞Æ /admin/funnel-assets                            8.02 kB         155 kB
Γö£ ╞Æ /admin/funnels                                  5.73 kB         171 kB
Γö£ ╞Æ /admin/ghl-accounts                             8.52 kB         183 kB
Γö£ ╞Æ /admin/ghl-authorize                            1.73 kB        89.2 kB
Γö£ ╞Æ /admin/ghl-test                                 2.17 kB        89.7 kB
Γö£ ╞Æ /admin/knowledge-base                           3.39 kB         169 kB
Γö£ ╞Æ /admin/knowledge-base/add                       2.55 kB         221 kB
Γö£ ╞Æ /admin/login                                    2.96 kB         118 kB
Γö£ ╞Æ /admin/overview                                 3.75 kB         277 kB
Γö£ ╞Æ /admin/settings                                 6.34 kB         167 kB
Γö£ ╞Æ /admin/transcripts                              3.98 kB         156 kB
Γö£ ╞Æ /admin/transcripts/[id]                         4.09 kB         156 kB
Γö£ ╞Æ /admin/transcripts/add                          4.82 kB         157 kB
Γö£ ╞Æ /admin/users                                    6.19 kB         172 kB
Γö£ ╞Æ /api/admin/businesses                           0 B                0 B
Γö£ ╞Æ /api/admin/businesses/[id]                      0 B                0 B
Γö£ ╞Æ /api/admin/content-review                       0 B                0 B
Γö£ ╞Æ /api/admin/database/data                        0 B                0 B
Γö£ ╞Æ /api/admin/database/delete                      0 B                0 B
Γö£ ╞Æ /api/admin/database/tables                      0 B                0 B
Γö£ ╞Æ /api/admin/database/update                      0 B                0 B
Γö£ ╞Æ /api/admin/funnels                              0 B                0 B
Γö£ ╞Æ /api/admin/ghl                                  0 B                0 B
Γö£ ╞Æ /api/admin/ghl-accounts                         0 B                0 B
Γö£ ╞Æ /api/admin/ghl-accounts/import-snapshot         0 B                0 B
Γö£ ╞Æ /api/admin/ghl-accounts/import-snapshot-bulk    0 B                0 B
Γö£ ╞Æ /api/admin/ghl-accounts/mark-snapshot-imported  0 B                0 B
Γö£ ╞Æ /api/admin/ghl-accounts/refresh-token           0 B                0 B
Γö£ ╞Æ /api/admin/ghl-accounts/retry                   0 B                0 B
Γö£ ╞Æ /api/admin/ghl-accounts/setup-bulk              0 B                0 B
Γö£ ╞Æ /api/admin/ghl-accounts/snapshot-status         0 B                0 B
Γö£ ╞Æ /api/admin/ghl-accounts/verify-snapshot         0 B                0 B
Γö£ ╞Æ /api/admin/ghl-subaccounts                      0 B                0 B
Γö£ ╞Æ /api/admin/ghl-test-values                      0 B                0 B
Γö£ ╞Æ /api/admin/ghl-users/create                     0 B                0 B
Γö£ ╞Æ /api/admin/ghl-users/create-bulk                0 B                0 B
Γö£ ╞Æ /api/admin/ghl-users/retry                      0 B                0 B
Γö£ ╞Æ /api/admin/settings                             0 B                0 B
Γö£ ╞Æ /api/admin/settings/ghl-auto-create             0 B                0 B
Γö£ ╞Æ /api/admin/setup-pgvector                       0 B                0 B
Γö£ ╞Æ /api/admin/stats                                0 B                0 B
Γö£ ╞Æ /api/admin/transcripts                          0 B                0 B
Γö£ ╞Æ /api/admin/transcripts/[id]                     0 B                0 B
Γö£ ╞Æ /api/admin/transcripts/extract-metadata         0 B                0 B
Γö£ ╞Æ /api/admin/transcripts/process                  0 B                0 B
Γö£ ╞Æ /api/admin/transcripts/stats                    0 B                0 B
Γö£ ╞Æ /api/admin/users                                0 B                0 B
Γö£ ╞Æ /api/admin/verify                               0 B                0 B
Γö£ ╞Æ /api/ai/generate                                0 B                0 B
Γö£ ╞Æ /api/builder/location                           0 B                0 B
Γö£ ╞Æ /api/cron/refresh-ghl-token                     0 B                0 B
Γö£ ╞Æ /api/cron/retry-ghl-subaccounts                 0 B                0 B
Γö£ ╞Æ /api/css/generate                               0 B                0 B
Γö£ ╞Æ /api/debug/ghl-test                             0 B                0 B
Γö£ ╞Æ /api/email/ghl-welcome                          0 B                0 B
Γö£ ╞Æ /api/ghl/appointments                           0 B                0 B
Γö£ ╞Æ /api/ghl/available-values                       0 B                0 B
Γö£ ╞Æ /api/ghl/contacts                               0 B                0 B
Γö£ ╞Æ /api/ghl/credentials                            0 B                0 B
Γö£ ╞Æ /api/ghl/custom-values/[sessionId]              0 B                0 B
Γö£ ╞Æ /api/ghl/custom-values/generate                 0 B                0 B
Γö£ ╞Æ /api/ghl/custom-values/push                     0 B                0 B
Γö£ ╞Æ /api/ghl/debug-custom-values                    0 B                0 B
Γö£ ╞Æ /api/ghl/deploy                                 0 B                0 B
Γö£ ╞Æ /api/ghl/deploy-funnel                          0 B                0 B
Γö£ ╞Æ /api/ghl/deploy-workflow                        0 B                0 B
Γö£ ╞Æ /api/ghl/ensure-subaccount                      0 B                0 B
Γö£ ╞Æ /api/ghl/funnel/[funnelId]                      0 B                0 B
Γö£ ╞Æ /api/ghl/funnel/save                            0 B                0 B
Γö£ ╞Æ /api/ghl/funnels                                0 B                0 B
Γö£ ╞Æ /api/ghl/inspect                                0 B                0 B
Γö£ ╞Æ /api/ghl/launch-builder                         0 B                0 B
Γö£ ╞Æ /api/ghl/metrics                                0 B                0 B
Γö£ ╞Æ /api/ghl/push                                   0 B                0 B
Γö£ ╞Æ /api/ghl/push-appointmentReminders              0 B                0 B
Γö£ ╞Æ /api/ghl/push-colors                            0 B                0 B
Γö£ ╞Æ /api/ghl/push-complete                          0 B                0 B
Γö£ ╞Æ /api/ghl/push-emails                            0 B                0 B
Γö£ ╞Æ /api/ghl/push-funnel-copy                       0 B                0 B
Γö£ ╞Æ /api/ghl/push-logs                              0 B                0 B
Γö£ ╞Æ /api/ghl/push-media                             0 B                0 B
Γö£ ╞Æ /api/ghl/push-sms                               0 B                0 B
Γö£ ╞Æ /api/ghl/push-vsl                               0 B                0 B
Γö£ ╞Æ /api/ghl/setup-location                         0 B                0 B
Γö£ ╞Æ /api/ghl/update-assets                          0 B                0 B
Γö£ ╞Æ /api/images/generate                            0 B                0 B
Γö£ ╞Æ /api/intake-form/answers                        0 B                0 B
Γö£ ╞Æ /api/intake-form/save                           0 B                0 B
Γö£ ╞Æ /api/integrations/oauth/authorize               0 B                0 B
Γö£ ╞Æ /api/integrations/oauth/callback                0 B                0 B
Γö£ ╞Æ /api/integrations/oauth/debug                   0 B                0 B
Γö£ ╞Æ /api/integrations/oauth/status                  0 B                0 B
Γö£ ╞Æ /api/oauth/authorize                            0 B                0 B
Γö£ ╞Æ /api/oauth/callback                             0 B                0 B
Γö£ ╞Æ /api/oauth/custom-values/update                 0 B                0 B
Γö£ ╞Æ /api/oauth/oauth/authorize                      0 B                0 B
Γö£ ╞Æ /api/oauth/oauth/callback                       0 B                0 B
Γö£ ╞Æ /api/oauth/oauth/status                         0 B                0 B
Γö£ ╞Æ /api/oauth/snapshot/import                      0 B                0 B
Γö£ ╞Æ /api/oauth/subaccount/create                    0 B                0 B
Γö£ ╞Æ /api/os/approvals                               0 B                0 B
Γö£ ╞Æ /api/os/approve                                 0 B                0 B
Γö£ ╞Æ /api/os/assist                                  0 B                0 B
Γö£ ╞Æ /api/os/generate                                0 B                0 B
Γö£ ╞Æ /api/os/generate-funnel-copy                    0 B                0 B
Γö£ ╞Æ /api/os/generate-images                         0 B                0 B
Γö£ ╞Æ /api/os/generate-stream                         0 B                0 B
Γö£ ╞Æ /api/os/generation-jobs                         0 B                0 B
Γö£ ╞Æ /api/os/generation-status                       0 B                0 B
Γö£ ╞Æ /api/os/insights                                0 B                0 B
Γö£ ╞Æ /api/os/progress                                0 B                0 B
Γö£ ╞Æ /api/os/refine                                  0 B                0 B
Γö£ ╞Æ /api/os/refine-field                            0 B                0 B
Γö£ ╞Æ /api/os/refine-section                          0 B                0 B
Γö£ ╞Æ /api/os/refine-section-stream                   0 B                0 B
Γö£ ╞Æ /api/os/regenerate                              0 B                0 B
Γö£ ╞Æ /api/os/regenerate-dependent                    0 B                0 B
Γö£ ╞Æ /api/os/regenerate-section                      0 B                0 B
Γö£ ╞Æ /api/os/reset                                   0 B                0 B
Γö£ ╞Æ /api/os/results                                 0 B                0 B
Γö£ ╞Æ /api/os/save-business-core                      0 B                0 B
Γö£ ╞Æ /api/os/schema                                  0 B                0 B
Γö£ ╞Æ /api/os/sessions                                0 B                0 B
Γö£ ╞Æ /api/os/update-status                           0 B                0 B
Γö£ ╞Æ /api/os/vault-field                             0 B                0 B
Γö£ ╞Æ /api/os/vault-field-update                      0 B                0 B
Γö£ ╞Æ /api/os/vault-fields                            0 B                0 B
Γö£ ╞Æ /api/os/vault-fields/approve                    0 B                0 B
Γö£ ╞Æ /api/os/vault-reconcile                         0 B                0 B
Γö£ ╞Æ /api/os/vault-section                           0 B                0 B
Γö£ ╞Æ /api/os/vault-section-approve                   0 B                0 B
Γö£ ╞Æ /api/os/vault-section-save                      0 B                0 B
Γö£ ╞Æ /api/profile/save                               0 B                0 B
Γö£ ╞Æ /api/rag/search                                 0 B                0 B
Γö£ ╞Æ /api/sessions                                   0 B                0 B
Γö£ ╞Æ /api/team/accept                                0 B                0 B
Γö£ ╞Æ /api/team/invite                                0 B                0 B
Γö£ ╞Æ /api/upload                                     0 B                0 B
Γö£ ╞Æ /api/user/funnels                               0 B                0 B
Γö£ ╞Æ /api/user/profile                               0 B                0 B
Γö£ ╞Æ /api/user/tier                                  0 B                0 B
Γö£ ╞Æ /api/users/accept-license                       0 B                0 B
Γö£ ╞Æ /api/users/sync                                 0 B                0 B
Γö£ ╞Æ /api/voice-model/analyze                        0 B                0 B
Γö£ ╞Æ /api/voice-model/upload                         0 B                0 B
Γö£ ╞Æ /api/webhooks/clerk                             0 B                0 B
Γö£ ╞Æ /auth/forgot-password                           2.77 kB         125 kB
Γö£ ╞Æ /auth/login                                     2.97 kB         118 kB
Γö£ ╞Æ /auth/signup                                    997 B          88.5 kB
Γö£ ╞Æ /auth/verify                                    1.61 kB         180 kB
Γö£ ╞Æ /dashboard                                      17.6 kB         292 kB
Γö£ ╞Æ /debug/ghl-mappings                             4 kB            124 kB
Γö£ ╞Æ /docs/builder-guide                             183 B          94.9 kB
Γö£ ╞Æ /funnel-live                                    4.26 kB         152 kB
Γö£ ╞Æ /funnel-recommendation                          5.28 kB         153 kB
Γö£ ╞Æ /ghl-inspector                                  4.26 kB         134 kB
Γö£ ╞Æ /guide                                          2.64 kB        90.1 kB
Γö£ ╞Æ /intake_form                                    34.2 kB         185 kB
Γö£ ╞Æ /introduction                                   5.19 kB         153 kB
Γö£ ╞Æ /join                                           3.13 kB         145 kB
Γö£ ╞Æ /login/sso                                      0 B                0 B
Γö£ ╞Æ /onboarding                                     4.57 kB         125 kB
Γö£ ╞Æ /redirect                                       2.27 kB         108 kB
Γö£ ╞Æ /team                                           4.74 kB         120 kB
Γöö ╞Æ /vault                                          292 kB          511 kB
+ First Load JS shared by all                       87.5 kB
  Γö£ chunks/2117-d31583243f388fd3.js                 31.8 kB
  Γö£ chunks/fd9d1056-392e23d4e6cacd71.js             53.6 kB
  Γöö other shared chunks (total)                     2.1 kB


╞Æ Middleware                                        120 kB

╞Æ  (Dynamic)  server-rendered on demand

